%!Adobe-FontList 1.24
%Locale:0x809

%BeginFont
Handler:DirectoryHandler
FontType:Type1
FontName:MyriadPro-Regular
FamilyName:Myriad Pro
StyleName:Regular
FullName:Myriad Pro
MenuName:Myriad Pro
StyleBits:0
WritingScript:Roman
OutlineFileName:C:\Users\nick\Documents\GitHub\gobooklet\Orange Band Handout\Orange Band and Motivation\Document fonts\MyriadPro-Regular.otf
DataFormat:sfntData
UsesStandardEncoding:yes
isCFF:yes
hasSVG:no
hasCOLR:no
VariableFontType:NonVariableFont
FileLength:97072
FileModTime:1750272378
WeightClass:400
WidthClass:5
AngleClass:0
DesignSize:110
NameArray:0,Mac,4,Myriad Pro
NameArray:0,Win,1,Myriad Pro
%EndFont

%BeginFont
Handler:DirectoryHandler
FontType:TrueType
FontName:Bahnschrift
FamilyName:Bahnschrift
StyleName:Regular
FullName:Bahnschrift
MenuName:Bahnschrift
FamilyPrefix:Bahnschrift
StyleBits:0
WritingScript:Roman
OutlineFileName:C:\Users\nick\Documents\GitHub\gobooklet\Orange Band Handout\Orange Band and Motivation\Document fonts\bahnschrift.ttf
DataFormat:sfntData
hasSVG:no
hasCOLR:no
VariableFontType:TrueTypeVariableFont
FileLength:338468
FileModTime:1750272378
WeightClass:400
WidthClass:5
AngleClass:0
NameArray:0,Mac,4,Bahnschrift
NameArray:0,Win,1,Bahnschrift
NameArray:0,Win,16,Bahnschrift
%EndFont

